// Vitest Snapshot v1, https://vitest.dev/guide/snapshot.html

exports[`AirportCard > matches snapshot 1`] = `
<DocumentFragment>
  <a
    class="_airportCard_b97b4f"
    data-discover="true"
    href="/airport/AAA"
  >
    <div
      class="_airportCard__header_b97b4f"
    >
      <div
        class="_airportCard__text_b97b4f"
      >
        <h3
          class="_airportCard__name_b97b4f"
        >
          Anaa
        </h3>
        <span
          class="_airportCard__code_b97b4f"
        >
          (AAA)
        </span>
      </div>
      <p
        class="_airportCard__meta_b97b4f"
      >
        Anaa, French Polynesia
      </p>
    </div>
    <div
      class="_airportCard__chevron_b97b4f"
    >
      <svg
        aria-hidden="true"
        fill="none"
        focusable="false"
        height="24"
        stroke="currentColor"
        stroke-linecap="round"
        stroke-linejoin="round"
        stroke-width="2"
        viewBox="0 0 24 24"
        width="24"
        xmlns="http://www.w3.org/2000/svg"
      >
        <polyline
          points="9 18 15 12 9 6"
        />
      </svg>
    </div>
  </a>
</DocumentFragment>
`;
